Reading the manual page:
1. Anything within third bracket [] is optional.
2. Anything within angle bracket <> is mandatory.
3. Pipe | means one or the other.
4. .... means multiple filenames



NOTE:
1.pwd:Present working directory
2.cd: Command directory
3. cd / : Takes us to the root directory.Root is shown by /.
4. ls : Shows the files in that directory
5. type echo    ;show what type of a command echo is
6. uptime     ;how long the system has been up
7. 




To run a command as administrator (user "root"), use "sudo <command>".
See "man sudo_root" for details.

fokhrul@fokhrul-VirtualBox:~$ pwd
/home/fokhrul
fokhrul@fokhrul-VirtualBox:~$ cd /
fokhrul@fokhrul-VirtualBox:/$ pwd
/
fokhrul@fokhrul-VirtualBox:/$ ls
bin    home            lost+found  root  swapfile  vmlinuz
boot   initrd.img      media       run   sys
cdrom  initrd.img.old  mnt         sbin  tmp
dev    lib             opt         snap  usr
etc    lib64           proc        srv   var

fokhrul@fokhrul-VirtualBox:/$ cd

fokhrul@fokhrul-VirtualBox:~$ history       ;Shows the previous commands I typed
fokhrul@fokhrul-VirtualBox:~$ !1        ;Shows the first command
fokhrul@fokhrul-VirtualBox:~$ !9        ;Shows the ninth command and its output

fokhrul@fokhrul-VirtualBox:~$history -c; history -w         ;Permanently clears the history

fokhrul@fokhrul-VirtualBox:~$ man -k which      
getcpu (2)           - determine CPU and NUMA node on wh...
getgrouplist (3)     - get list of groups to which a use...
ifcfg (8)            - simplistic script which replaces ...
lcf (1)              - Determine which of the historical...
lsdiff (1)           - show which files are modified by ...
pam_exec (8)         - PAM module which calls an externa...
pam_warn (8)         - PAM module which logs all PAM ite...
sched_getcpu (3)     - determine CPU on which the callin...
securetty (5)        - file which lists terminals from w...
sol (6)              - a collection of card games which ...
URI::WithBase (3pm)  - URIs which remember their base
which (1)            - locate a command

fokhrul@fokhrul-VirtualBox:~$ man 1 which          

fokhrul@fokhrul-VirtualBox:~$ man -k "list directory contents"      ;Just putting a phrase inside a quotation mark.
dir (1)              - list directory contents
ls (1)               - list directory contents
ntfsls (8)           - list directory contents on an NTF...
vdir (1)             - list directory contents

-----------------------------------Standard Input,Standard Output, Standard Error--------------------------------------
Standard Input=0
Standard Ouput=1
Standard Error=2

fokhrul@fokhrul-VirtualBox:~/Desktop$ CAT -K 2>error.txt      ;if there is any error in the command, the error message will be written to the file error.txt
fokhrul@fokhrul-VirtualBox:~/Desktop$ ls
accessKeys.csv  dahlia.jpg  file.txt  hello.sh
Bangladesh.txt  error.txt   folder2   newfile.txt

fokhrul@fokhrul-VirtualBox:~/Desktop$ cat error.txt
CAT: command not found          ;It was the error message that was supposed to appear on the terminal. But we redirected it to error.txt

fokhrul@fokhrul-VirtualBox:~/Desktop$ cat 1>>file.txt 2>>error.txt
I am from Bangladesh

fokhrul@fokhrul-VirtualBox:~/Desktop$ tty     ;Showing the location of the terminal
/dev/pts/0
fokhrul@fokhrul-VirtualBox:~/Desktop$ ls
accessKeys.csv  dahlia.jpg  file.txt  hello.sh
Bangladesh.txt  error.txt   folder2   newfile.txt

fokhrul@fokhrul-VirtualBox:~/Desktop$ cat error.txt > /dev/pts/2    ;I opened another terminal. Anything from error.txt will appear in that terminal window.









